
./octez-client --wait none originate sc rollup from bootstrap1 of kind arith of type string booting with '10 10 10 + +' --burn-cap 9999999
Node is bootstrapped.
Estimated gas: 2909.973 units (will add 100 for safety)
Estimated storage: 6536 bytes added (will add 20 for safety)
Operation successfully injected in the node.
Operation hash is '[OPERATION_HASH]'
NOT waiting for the operation to be included.
Use command
  octez-client wait for [OPERATION_HASH] to be included --confirmations 1 --branch [BLOCK_HASH]
and/or an external block explorer to make sure that it has been included.
This sequence of operations was run:
  Manager signed operations:
    From: [PUBLIC_KEY_HASH]
    Fee to the baker: ꜩ0.000661
    Expected counter: 1
    Gas limit: 3010
    Storage limit: 6556 bytes
    Balance updates:
      [PUBLIC_KEY_HASH] ... -ꜩ0.000661
      payload fees(the block proposer) ....... +ꜩ0.000661
    Smart contract rollup origination:
      Kind: arith
      Parameter type: string
      Boot sector Blake2B hash: '8eb6ccf70902fcd3fa2040cf27dda202a71d85625516f22a0c9c67fc86057a7b'
      This smart contract rollup origination was successfully applied
      Consumed gas: 2909.973
      Storage size: 6536 bytes
      Address: [SC_ROLLUP_HASH]
      Genesis commitment hash: [SC_ROLLUP_COMMITMENT_HASH]
      Balance updates:
        [PUBLIC_KEY_HASH] ... -ꜩ1.634
        storage fees ........................... +ꜩ1.634


./octez-client rpc get '/chains/main/blocks/head/context/sc_rollup/[SC_ROLLUP_HASH]/genesis_info'
{ "level": 2,
  "commitment_hash": "[SC_ROLLUP_COMMITMENT_HASH]" }

./octez-client --wait none send sc rollup message 'text:["10 +"]' from bootstrap2
Node is bootstrapped.
Estimated gas: 1000.528 units (will add 100 for safety)
Estimated storage: no bytes added
Operation successfully injected in the node.
Operation hash is '[OPERATION_HASH]'
NOT waiting for the operation to be included.
Use command
  octez-client wait for [OPERATION_HASH] to be included --confirmations 1 --branch [BLOCK_HASH]
and/or an external block explorer to make sure that it has been included.
This sequence of operations was run:
  Manager signed operations:
    From: [PUBLIC_KEY_HASH]
    Fee to the baker: ꜩ0.000347
    Expected counter: 1
    Gas limit: 1101
    Storage limit: 0 bytes
    Balance updates:
      [PUBLIC_KEY_HASH] ... -ꜩ0.000347
      payload fees(the block proposer) ....... +ꜩ0.000347
    Smart contract rollup messages submission
      This smart contract rollup messages submission was successfully applied
      Consumed gas: 1000.528
      Resulting inbox state: { level = 3
                               current messages hash  = [SC_ROLLUP_INBOX_HASH]
                               nb_messages_in_commitment_period = 6
                               message_counter = 2
                               old_levels_messages = hash : [SC_ROLLUP_INBOX_HASH]
                                                     
       content = [SC_ROLLUP_INBOX_HASH]
       index = 2
       back_pointers = [SC_ROLLUP_INBOX_HASH]
                                                     [SC_ROLLUP_INBOX_HASH]
    
                               }


./octez-sc-rollup-client-alpha rpc get /global/block/head/state_hash
"[SC_ROLLUP_PVM_STATE_HASH]"

./octez-client --wait none originate sc rollup from bootstrap1 of kind arith of type string booting with 31 --burn-cap 9999999
Node is bootstrapped.
Estimated gas: 2909.933 units (will add 100 for safety)
Estimated storage: 6526 bytes added (will add 20 for safety)
Operation successfully injected in the node.
Operation hash is '[OPERATION_HASH]'
NOT waiting for the operation to be included.
Use command
  octez-client wait for [OPERATION_HASH] to be included --confirmations 1 --branch [BLOCK_HASH]
and/or an external block explorer to make sure that it has been included.
This sequence of operations was run:
  Manager signed operations:
    From: [PUBLIC_KEY_HASH]
    Fee to the baker: ꜩ0.000651
    Expected counter: 2
    Gas limit: 3010
    Storage limit: 6546 bytes
    Balance updates:
      [PUBLIC_KEY_HASH] ... -ꜩ0.000651
      payload fees(the block proposer) ....... +ꜩ0.000651
    Smart contract rollup origination:
      Kind: arith
      Parameter type: string
      Boot sector Blake2B hash: 'b682df8c87f218dfa8151f2eaafe20e6f8d87b243f8fe63de6d49485a8bf6eea'
      This smart contract rollup origination was successfully applied
      Consumed gas: 2909.933
      Storage size: 6526 bytes
      Address: [SC_ROLLUP_HASH]
      Genesis commitment hash: [SC_ROLLUP_COMMITMENT_HASH]
      Balance updates:
        [PUBLIC_KEY_HASH] ... -ꜩ1.6315
        storage fees ........................... +ꜩ1.6315


./octez-client rpc get '/chains/main/blocks/head/context/sc_rollup/[SC_ROLLUP_HASH]/genesis_info'
{ "level": 4,
  "commitment_hash": "[SC_ROLLUP_COMMITMENT_HASH]" }

./octez-client --wait none send sc rollup message 'text:["10 +"]' from bootstrap2
Node is bootstrapped.
Estimated gas: 1000.528 units (will add 100 for safety)
Estimated storage: no bytes added
Operation successfully injected in the node.
Operation hash is '[OPERATION_HASH]'
NOT waiting for the operation to be included.
Use command
  octez-client wait for [OPERATION_HASH] to be included --confirmations 1 --branch [BLOCK_HASH]
and/or an external block explorer to make sure that it has been included.
This sequence of operations was run:
  Manager signed operations:
    From: [PUBLIC_KEY_HASH]
    Fee to the baker: ꜩ0.000347
    Expected counter: 2
    Gas limit: 1101
    Storage limit: 0 bytes
    Balance updates:
      [PUBLIC_KEY_HASH] ... -ꜩ0.000347
      payload fees(the block proposer) ....... +ꜩ0.000347
    Smart contract rollup messages submission
      This smart contract rollup messages submission was successfully applied
      Consumed gas: 1000.528
      Resulting inbox state: { level = 5
                               current messages hash  = [SC_ROLLUP_INBOX_HASH]
                               nb_messages_in_commitment_period = 11
                               message_counter = 2
                               old_levels_messages = hash : [SC_ROLLUP_INBOX_HASH]
                                                     
       content = [SC_ROLLUP_INBOX_HASH]
       index = 4
       back_pointers = [SC_ROLLUP_INBOX_HASH]
                                                     [SC_ROLLUP_INBOX_HASH]
                                                     [SC_ROLLUP_INBOX_HASH]
    
                               }


./octez-sc-rollup-client-alpha rpc get /global/block/head/state_hash
"[SC_ROLLUP_PVM_STATE_HASH]"
