
./octez-client --wait none originate sc rollup from bootstrap1 of kind arith of type string booting with  --burn-cap 9999999
Node is bootstrapped.
Estimated gas: 2909.925 units (will add 100 for safety)
Estimated storage: 6524 bytes added (will add 20 for safety)
Operation successfully injected in the node.
Operation hash is '[OPERATION_HASH]'
NOT waiting for the operation to be included.
Use command
  octez-client wait for [OPERATION_HASH] to be included --confirmations 1 --branch [BLOCK_HASH]
and/or an external block explorer to make sure that it has been included.
This sequence of operations was run:
  Manager signed operations:
    From: [PUBLIC_KEY_HASH]
    Fee to the baker: ꜩ0.000649
    Expected counter: 1
    Gas limit: 3010
    Storage limit: 6544 bytes
    Balance updates:
      [PUBLIC_KEY_HASH] ... -ꜩ0.000649
      payload fees(the block proposer) ....... +ꜩ0.000649
    Smart contract rollup origination:
      Kind: arith
      Parameter type: string
      Boot sector Blake2B hash: '0e5751c026e543b2e8ab2eb06099daa1d1e5df47778f7787faab45cdf12fe3a8'
      This smart contract rollup origination was successfully applied
      Consumed gas: 2909.925
      Storage size: 6524 bytes
      Address: [SC_ROLLUP_HASH]
      Genesis commitment hash: [SC_ROLLUP_COMMITMENT_HASH]
      Balance updates:
        [PUBLIC_KEY_HASH] ... -ꜩ1.631
        storage fees ........................... +ꜩ1.631


./octez-client rpc get '/chains/main/blocks/head/context/sc_rollup/[SC_ROLLUP_HASH]/genesis_info'
{ "level": 2,
  "commitment_hash": "[SC_ROLLUP_COMMITMENT_HASH]" }

./octez-sc-rollup-client-alpha rpc get /global/block/head/state_hash
"[SC_ROLLUP_PVM_STATE_HASH]"

./octez-sc-rollup-client-alpha rpc get /global/block/head/total_ticks
"0"

./octez-client --wait none send sc rollup message '["1 6 + value"]' from bootstrap2
Node is bootstrapped.
Estimated gas: 1000.647 units (will add 100 for safety)
Estimated storage: no bytes added
Operation successfully injected in the node.
Operation hash is '[OPERATION_HASH]'
NOT waiting for the operation to be included.
Use command
  octez-client wait for [OPERATION_HASH] to be included --confirmations 1 --branch [BLOCK_HASH]
and/or an external block explorer to make sure that it has been included.
This sequence of operations was run:
  Manager signed operations:
    From: [PUBLIC_KEY_HASH]
    Fee to the baker: ꜩ0.000354
    Expected counter: 1
    Gas limit: 1101
    Storage limit: 0 bytes
    Balance updates:
      [PUBLIC_KEY_HASH] ... -ꜩ0.000354
      payload fees(the block proposer) ....... +ꜩ0.000354
    Smart contract rollup messages submission
      This smart contract rollup messages submission was successfully applied
      Consumed gas: 1000.647
      Resulting inbox state: { level = 3
                               current messages hash  = [SC_ROLLUP_INBOX_HASH]
                               nb_messages_in_commitment_period = 6
                               message_counter = 2
                               old_levels_messages = hash : [SC_ROLLUP_INBOX_HASH]
                                                     
       content = [SC_ROLLUP_INBOX_HASH]
       index = 2
       back_pointers = [SC_ROLLUP_INBOX_HASH]
                                                     [SC_ROLLUP_INBOX_HASH]
    
                               }


./octez-sc-rollup-client-alpha get state value for vars/value --block head
"\000\000\000\007"

./octez-sc-rollup-client-alpha rpc get /global/block/head/state_hash
"[SC_ROLLUP_PVM_STATE_HASH]"

./octez-sc-rollup-client-alpha rpc get /global/block/head/total_ticks
"22"

./octez-sc-rollup-client-alpha rpc get /global/block/head/state_hash
"[SC_ROLLUP_PVM_STATE_HASH]"

./octez-sc-rollup-client-alpha rpc get /global/block/head/total_ticks
"22"

./octez-client --wait none send sc rollup message '["2 8 + value"]' from bootstrap2
Node is bootstrapped.
Estimated gas: 1000.647 units (will add 100 for safety)
Estimated storage: no bytes added
Operation successfully injected in the node.
Operation hash is '[OPERATION_HASH]'
NOT waiting for the operation to be included.
Use command
  octez-client wait for [OPERATION_HASH] to be included --confirmations 1 --branch [BLOCK_HASH]
and/or an external block explorer to make sure that it has been included.
This sequence of operations was run:
  Manager signed operations:
    From: [PUBLIC_KEY_HASH]
    Fee to the baker: ꜩ0.000354
    Expected counter: 2
    Gas limit: 1101
    Storage limit: 0 bytes
    Balance updates:
      [PUBLIC_KEY_HASH] ... -ꜩ0.000354
      payload fees(the block proposer) ....... +ꜩ0.000354
    Smart contract rollup messages submission
      This smart contract rollup messages submission was successfully applied
      Consumed gas: 1000.647
      Resulting inbox state: { level = 4
                               current messages hash  = [SC_ROLLUP_INBOX_HASH]
                               nb_messages_in_commitment_period = 9
                               message_counter = 2
                               old_levels_messages = hash : [SC_ROLLUP_INBOX_HASH]
                                                     
       content = [SC_ROLLUP_INBOX_HASH]
       index = 3
       back_pointers = [SC_ROLLUP_INBOX_HASH]
                                                     [SC_ROLLUP_INBOX_HASH]
    
                               }


./octez-sc-rollup-client-alpha get state value for vars/value --block head
"\000\000\000\n"

./octez-sc-rollup-client-alpha rpc get /global/block/head/state_hash
"[SC_ROLLUP_PVM_STATE_HASH]"

./octez-sc-rollup-client-alpha rpc get /global/block/head/total_ticks
"42"

./octez-sc-rollup-client-alpha rpc get /global/block/head/state_hash
"[SC_ROLLUP_PVM_STATE_HASH]"

./octez-sc-rollup-client-alpha rpc get /global/block/head/total_ticks
"42"

./octez-client --wait none send sc rollup message '["3 10 + value"]' from bootstrap2
Node is bootstrapped.
Estimated gas: 1000.664 units (will add 100 for safety)
Estimated storage: no bytes added
Operation successfully injected in the node.
Operation hash is '[OPERATION_HASH]'
NOT waiting for the operation to be included.
Use command
  octez-client wait for [OPERATION_HASH] to be included --confirmations 1 --branch [BLOCK_HASH]
and/or an external block explorer to make sure that it has been included.
This sequence of operations was run:
  Manager signed operations:
    From: [PUBLIC_KEY_HASH]
    Fee to the baker: ꜩ0.000355
    Expected counter: 3
    Gas limit: 1101
    Storage limit: 0 bytes
    Balance updates:
      [PUBLIC_KEY_HASH] ... -ꜩ0.000355
      payload fees(the block proposer) ....... +ꜩ0.000355
    Smart contract rollup messages submission
      This smart contract rollup messages submission was successfully applied
      Consumed gas: 1000.664
      Resulting inbox state: { level = 5
                               current messages hash  = [SC_ROLLUP_INBOX_HASH]
                               nb_messages_in_commitment_period = 12
                               message_counter = 2
                               old_levels_messages = hash : [SC_ROLLUP_INBOX_HASH]
                                                     
       content = [SC_ROLLUP_INBOX_HASH]
       index = 4
       back_pointers = [SC_ROLLUP_INBOX_HASH]
                                                     [SC_ROLLUP_INBOX_HASH]
                                                     [SC_ROLLUP_INBOX_HASH]
    
                               }


./octez-sc-rollup-client-alpha get state value for vars/value --block head
"\000\000\000\r"

./octez-sc-rollup-client-alpha rpc get /global/block/head/state_hash
"[SC_ROLLUP_PVM_STATE_HASH]"

./octez-sc-rollup-client-alpha rpc get /global/block/head/total_ticks
"63"

./octez-sc-rollup-client-alpha rpc get /global/block/head/state_hash
"[SC_ROLLUP_PVM_STATE_HASH]"

./octez-sc-rollup-client-alpha rpc get /global/block/head/total_ticks
"63"

./octez-client --wait none send sc rollup message '["4 12 + value"]' from bootstrap2
Node is bootstrapped.
Estimated gas: 1000.664 units (will add 100 for safety)
Estimated storage: no bytes added
Operation successfully injected in the node.
Operation hash is '[OPERATION_HASH]'
NOT waiting for the operation to be included.
Use command
  octez-client wait for [OPERATION_HASH] to be included --confirmations 1 --branch [BLOCK_HASH]
and/or an external block explorer to make sure that it has been included.
This sequence of operations was run:
  Manager signed operations:
    From: [PUBLIC_KEY_HASH]
    Fee to the baker: ꜩ0.000355
    Expected counter: 4
    Gas limit: 1101
    Storage limit: 0 bytes
    Balance updates:
      [PUBLIC_KEY_HASH] ... -ꜩ0.000355
      payload fees(the block proposer) ....... +ꜩ0.000355
    Smart contract rollup messages submission
      This smart contract rollup messages submission was successfully applied
      Consumed gas: 1000.664
      Resulting inbox state: { level = 6
                               current messages hash  = [SC_ROLLUP_INBOX_HASH]
                               nb_messages_in_commitment_period = 15
                               message_counter = 2
                               old_levels_messages = hash : [SC_ROLLUP_INBOX_HASH]
                                                     
       content = [SC_ROLLUP_INBOX_HASH]
       index = 5
       back_pointers = [SC_ROLLUP_INBOX_HASH]
                                                     [SC_ROLLUP_INBOX_HASH]
                                                     [SC_ROLLUP_INBOX_HASH]
    
                               }


./octez-sc-rollup-client-alpha get state value for vars/value --block head
"\000\000\000\016"

./octez-sc-rollup-client-alpha rpc get /global/block/head/state_hash
"[SC_ROLLUP_PVM_STATE_HASH]"

./octez-sc-rollup-client-alpha rpc get /global/block/head/total_ticks
"84"

./octez-sc-rollup-client-alpha rpc get /global/block/head/state_hash
"[SC_ROLLUP_PVM_STATE_HASH]"

./octez-sc-rollup-client-alpha rpc get /global/block/head/total_ticks
"84"

./octez-client --wait none send sc rollup message '["5 14 + value"]' from bootstrap2
Node is bootstrapped.
Estimated gas: 1000.664 units (will add 100 for safety)
Estimated storage: no bytes added
Operation successfully injected in the node.
Operation hash is '[OPERATION_HASH]'
NOT waiting for the operation to be included.
Use command
  octez-client wait for [OPERATION_HASH] to be included --confirmations 1 --branch [BLOCK_HASH]
and/or an external block explorer to make sure that it has been included.
This sequence of operations was run:
  Manager signed operations:
    From: [PUBLIC_KEY_HASH]
    Fee to the baker: ꜩ0.000355
    Expected counter: 5
    Gas limit: 1101
    Storage limit: 0 bytes
    Balance updates:
      [PUBLIC_KEY_HASH] ... -ꜩ0.000355
      payload fees(the block proposer) ....... +ꜩ0.000355
    Smart contract rollup messages submission
      This smart contract rollup messages submission was successfully applied
      Consumed gas: 1000.664
      Resulting inbox state: { level = 7
                               current messages hash  = [SC_ROLLUP_INBOX_HASH]
                               nb_messages_in_commitment_period = 18
                               message_counter = 2
                               old_levels_messages = hash : [SC_ROLLUP_INBOX_HASH]
                                                     
       content = [SC_ROLLUP_INBOX_HASH]
       index = 6
       back_pointers = [SC_ROLLUP_INBOX_HASH]
                                                     [SC_ROLLUP_INBOX_HASH]
                                                     [SC_ROLLUP_INBOX_HASH]
    
                               }


./octez-sc-rollup-client-alpha get state value for vars/value --block head
"\000\000\000\019"

./octez-sc-rollup-client-alpha rpc get /global/block/head/state_hash
"[SC_ROLLUP_PVM_STATE_HASH]"

./octez-sc-rollup-client-alpha rpc get /global/block/head/total_ticks
"105"

./octez-sc-rollup-client-alpha rpc get /global/block/head/state_hash
"[SC_ROLLUP_PVM_STATE_HASH]"

./octez-sc-rollup-client-alpha rpc get /global/block/head/total_ticks
"105"

./octez-client --wait none send sc rollup message '["6 16 + value"]' from bootstrap2
Node is bootstrapped.
Estimated gas: 1000.664 units (will add 100 for safety)
Estimated storage: no bytes added
Operation successfully injected in the node.
Operation hash is '[OPERATION_HASH]'
NOT waiting for the operation to be included.
Use command
  octez-client wait for [OPERATION_HASH] to be included --confirmations 1 --branch [BLOCK_HASH]
and/or an external block explorer to make sure that it has been included.
This sequence of operations was run:
  Manager signed operations:
    From: [PUBLIC_KEY_HASH]
    Fee to the baker: ꜩ0.000355
    Expected counter: 6
    Gas limit: 1101
    Storage limit: 0 bytes
    Balance updates:
      [PUBLIC_KEY_HASH] ... -ꜩ0.000355
      payload fees(the block proposer) ....... +ꜩ0.000355
    Smart contract rollup messages submission
      This smart contract rollup messages submission was successfully applied
      Consumed gas: 1000.664
      Resulting inbox state: { level = 8
                               current messages hash  = [SC_ROLLUP_INBOX_HASH]
                               nb_messages_in_commitment_period = 21
                               message_counter = 2
                               old_levels_messages = hash : [SC_ROLLUP_INBOX_HASH]
                                                     
       content = [SC_ROLLUP_INBOX_HASH]
       index = 7
       back_pointers = [SC_ROLLUP_INBOX_HASH]
                                                     [SC_ROLLUP_INBOX_HASH]
                                                     [SC_ROLLUP_INBOX_HASH]
    
                               }


./octez-sc-rollup-client-alpha get state value for vars/value --block head
"\000\000\000\022"

./octez-sc-rollup-client-alpha rpc get /global/block/head/state_hash
"[SC_ROLLUP_PVM_STATE_HASH]"

./octez-sc-rollup-client-alpha rpc get /global/block/head/total_ticks
"126"

./octez-sc-rollup-client-alpha rpc get /global/block/head/state_hash
"[SC_ROLLUP_PVM_STATE_HASH]"

./octez-sc-rollup-client-alpha rpc get /global/block/head/total_ticks
"126"

./octez-client --wait none send sc rollup message '["7 18 + value"]' from bootstrap2
Node is bootstrapped.
Estimated gas: 1000.664 units (will add 100 for safety)
Estimated storage: no bytes added
Operation successfully injected in the node.
Operation hash is '[OPERATION_HASH]'
NOT waiting for the operation to be included.
Use command
  octez-client wait for [OPERATION_HASH] to be included --confirmations 1 --branch [BLOCK_HASH]
and/or an external block explorer to make sure that it has been included.
This sequence of operations was run:
  Manager signed operations:
    From: [PUBLIC_KEY_HASH]
    Fee to the baker: ꜩ0.000355
    Expected counter: 7
    Gas limit: 1101
    Storage limit: 0 bytes
    Balance updates:
      [PUBLIC_KEY_HASH] ... -ꜩ0.000355
      payload fees(the block proposer) ....... +ꜩ0.000355
    Smart contract rollup messages submission
      This smart contract rollup messages submission was successfully applied
      Consumed gas: 1000.664
      Resulting inbox state: { level = 9
                               current messages hash  = [SC_ROLLUP_INBOX_HASH]
                               nb_messages_in_commitment_period = 24
                               message_counter = 2
                               old_levels_messages = hash : [SC_ROLLUP_INBOX_HASH]
                                                     
       content = [SC_ROLLUP_INBOX_HASH]
       index = 8
       back_pointers = [SC_ROLLUP_INBOX_HASH]
                                                     [SC_ROLLUP_INBOX_HASH]
                                                     [SC_ROLLUP_INBOX_HASH]
                                                     [SC_ROLLUP_INBOX_HASH]
    
                               }


./octez-sc-rollup-client-alpha get state value for vars/value --block head
"\000\000\000\025"

./octez-sc-rollup-client-alpha rpc get /global/block/head/state_hash
"[SC_ROLLUP_PVM_STATE_HASH]"

./octez-sc-rollup-client-alpha rpc get /global/block/head/total_ticks
"147"

./octez-sc-rollup-client-alpha rpc get /global/block/head/state_hash
"[SC_ROLLUP_PVM_STATE_HASH]"

./octez-sc-rollup-client-alpha rpc get /global/block/head/total_ticks
"147"

./octez-client --wait none send sc rollup message '["8 20 + value"]' from bootstrap2
Node is bootstrapped.
Estimated gas: 1000.664 units (will add 100 for safety)
Estimated storage: no bytes added
Operation successfully injected in the node.
Operation hash is '[OPERATION_HASH]'
NOT waiting for the operation to be included.
Use command
  octez-client wait for [OPERATION_HASH] to be included --confirmations 1 --branch [BLOCK_HASH]
and/or an external block explorer to make sure that it has been included.
This sequence of operations was run:
  Manager signed operations:
    From: [PUBLIC_KEY_HASH]
    Fee to the baker: ꜩ0.000355
    Expected counter: 8
    Gas limit: 1101
    Storage limit: 0 bytes
    Balance updates:
      [PUBLIC_KEY_HASH] ... -ꜩ0.000355
      payload fees(the block proposer) ....... +ꜩ0.000355
    Smart contract rollup messages submission
      This smart contract rollup messages submission was successfully applied
      Consumed gas: 1000.664
      Resulting inbox state: { level = 10
                               current messages hash  = [SC_ROLLUP_INBOX_HASH]
                               nb_messages_in_commitment_period = 27
                               message_counter = 2
                               old_levels_messages = hash : [SC_ROLLUP_INBOX_HASH]
                                                     
       content = [SC_ROLLUP_INBOX_HASH]
       index = 9
       back_pointers = [SC_ROLLUP_INBOX_HASH]
                                                     [SC_ROLLUP_INBOX_HASH]
                                                     [SC_ROLLUP_INBOX_HASH]
                                                     [SC_ROLLUP_INBOX_HASH]
    
                               }


./octez-sc-rollup-client-alpha get state value for vars/value --block head
"\000\000\000\028"

./octez-sc-rollup-client-alpha rpc get /global/block/head/state_hash
"[SC_ROLLUP_PVM_STATE_HASH]"

./octez-sc-rollup-client-alpha rpc get /global/block/head/total_ticks
"168"

./octez-sc-rollup-client-alpha rpc get /global/block/head/state_hash
"[SC_ROLLUP_PVM_STATE_HASH]"

./octez-sc-rollup-client-alpha rpc get /global/block/head/total_ticks
"168"

./octez-client --wait none send sc rollup message '["9 22 + value"]' from bootstrap2
Node is bootstrapped.
Estimated gas: 1000.664 units (will add 100 for safety)
Estimated storage: no bytes added
Operation successfully injected in the node.
Operation hash is '[OPERATION_HASH]'
NOT waiting for the operation to be included.
Use command
  octez-client wait for [OPERATION_HASH] to be included --confirmations 1 --branch [BLOCK_HASH]
and/or an external block explorer to make sure that it has been included.
This sequence of operations was run:
  Manager signed operations:
    From: [PUBLIC_KEY_HASH]
    Fee to the baker: ꜩ0.000355
    Expected counter: 9
    Gas limit: 1101
    Storage limit: 0 bytes
    Balance updates:
      [PUBLIC_KEY_HASH] ... -ꜩ0.000355
      payload fees(the block proposer) ....... +ꜩ0.000355
    Smart contract rollup messages submission
      This smart contract rollup messages submission was successfully applied
      Consumed gas: 1000.664
      Resulting inbox state: { level = 11
                               current messages hash  = [SC_ROLLUP_INBOX_HASH]
                               nb_messages_in_commitment_period = 30
                               message_counter = 2
                               old_levels_messages = hash : [SC_ROLLUP_INBOX_HASH]
                                                     
       content = [SC_ROLLUP_INBOX_HASH]
       index = 10
       back_pointers = [SC_ROLLUP_INBOX_HASH]
                                                     [SC_ROLLUP_INBOX_HASH]
                                                     [SC_ROLLUP_INBOX_HASH]
                                                     [SC_ROLLUP_INBOX_HASH]
    
                               }


./octez-sc-rollup-client-alpha get state value for vars/value --block head
"\000\000\000\031"

./octez-sc-rollup-client-alpha rpc get /global/block/head/state_hash
"[SC_ROLLUP_PVM_STATE_HASH]"

./octez-sc-rollup-client-alpha rpc get /global/block/head/total_ticks
"189"

./octez-sc-rollup-client-alpha rpc get /global/block/head/state_hash
"[SC_ROLLUP_PVM_STATE_HASH]"

./octez-sc-rollup-client-alpha rpc get /global/block/head/total_ticks
"189"

./octez-client --wait none send sc rollup message '["10 24 + value"]' from bootstrap2
Node is bootstrapped.
Estimated gas: 1000.681 units (will add 100 for safety)
Estimated storage: no bytes added
Operation successfully injected in the node.
Operation hash is '[OPERATION_HASH]'
NOT waiting for the operation to be included.
Use command
  octez-client wait for [OPERATION_HASH] to be included --confirmations 1 --branch [BLOCK_HASH]
and/or an external block explorer to make sure that it has been included.
This sequence of operations was run:
  Manager signed operations:
    From: [PUBLIC_KEY_HASH]
    Fee to the baker: ꜩ0.000356
    Expected counter: 10
    Gas limit: 1101
    Storage limit: 0 bytes
    Balance updates:
      [PUBLIC_KEY_HASH] ... -ꜩ0.000356
      payload fees(the block proposer) ....... +ꜩ0.000356
    Smart contract rollup messages submission
      This smart contract rollup messages submission was successfully applied
      Consumed gas: 1000.681
      Resulting inbox state: { level = 12
                               current messages hash  = [SC_ROLLUP_INBOX_HASH]
                               nb_messages_in_commitment_period = 33
                               message_counter = 2
                               old_levels_messages = hash : [SC_ROLLUP_INBOX_HASH]
                                                     
       content = [SC_ROLLUP_INBOX_HASH]
       index = 11
       back_pointers = [SC_ROLLUP_INBOX_HASH]
                                                     [SC_ROLLUP_INBOX_HASH]
                                                     [SC_ROLLUP_INBOX_HASH]
                                                     [SC_ROLLUP_INBOX_HASH]
    
                               }


./octez-sc-rollup-client-alpha get state value for vars/value --block head
"\000\000\000\""

./octez-sc-rollup-client-alpha rpc get /global/block/head/state_hash
"[SC_ROLLUP_PVM_STATE_HASH]"

./octez-sc-rollup-client-alpha rpc get /global/block/head/total_ticks
"211"
