
./octez-client --wait none originate sc rollup from bootstrap1 of kind arith of type string booting with  --burn-cap 9999999
Node is bootstrapped.
Estimated gas: 2909.925 units (will add 100 for safety)
Estimated storage: 6524 bytes added (will add 20 for safety)
Operation successfully injected in the node.
Operation hash is '[OPERATION_HASH]'
NOT waiting for the operation to be included.
Use command
  octez-client wait for [OPERATION_HASH] to be included --confirmations 1 --branch [BLOCK_HASH]
and/or an external block explorer to make sure that it has been included.
This sequence of operations was run:
  Manager signed operations:
    From: [PUBLIC_KEY_HASH]
    Fee to the baker: ꜩ0.000649
    Expected counter: 1
    Gas limit: 3010
    Storage limit: 6544 bytes
    Balance updates:
      [PUBLIC_KEY_HASH] ... -ꜩ0.000649
      payload fees(the block proposer) ....... +ꜩ0.000649
    Smart contract rollup origination:
      Kind: arith
      Parameter type: string
      Boot sector Blake2B hash: '0e5751c026e543b2e8ab2eb06099daa1d1e5df47778f7787faab45cdf12fe3a8'
      This smart contract rollup origination was successfully applied
      Consumed gas: 2909.925
      Storage size: 6524 bytes
      Address: [SC_ROLLUP_HASH]
      Genesis commitment hash: [SC_ROLLUP_COMMITMENT_HASH]
      Balance updates:
        [PUBLIC_KEY_HASH] ... -ꜩ1.631
        storage fees ........................... +ꜩ1.631


./octez-client rpc get '/chains/main/blocks/head/context/sc_rollup/[SC_ROLLUP_HASH]/genesis_info'
{ "level": 2,
  "commitment_hash": "[SC_ROLLUP_COMMITMENT_HASH]" }

./octez-client --wait none send sc rollup message 'text:["hash:scrh12kkMqK9bHNXruyMnrcFsfyBqdBwdsZqjrVm6fYahM4tWRXKANu\n"]' from bootstrap2
Node is bootstrapped.
Estimated gas: 1001.497 units (will add 100 for safety)
Estimated storage: no bytes added
Operation successfully injected in the node.
Operation hash is '[OPERATION_HASH]'
NOT waiting for the operation to be included.
Use command
  octez-client wait for [OPERATION_HASH] to be included --confirmations 1 --branch [BLOCK_HASH]
and/or an external block explorer to make sure that it has been included.
This sequence of operations was run:
  Manager signed operations:
    From: [PUBLIC_KEY_HASH]
    Fee to the baker: ꜩ0.000404
    Expected counter: 1
    Gas limit: 1102
    Storage limit: 0 bytes
    Balance updates:
      [PUBLIC_KEY_HASH] ... -ꜩ0.000404
      payload fees(the block proposer) ....... +ꜩ0.000404
    Smart contract rollup messages submission
      This smart contract rollup messages submission was successfully applied
      Consumed gas: 1001.497
      Resulting inbox state: { level = 3
                               current messages hash  = [SC_ROLLUP_INBOX_HASH]
                               nb_messages_in_commitment_period = 6
                               message_counter = 2
                               old_levels_messages = hash : [SC_ROLLUP_INBOX_HASH]
                                                     
       content = [SC_ROLLUP_INBOX_HASH]
       index = 2
       back_pointers = [SC_ROLLUP_INBOX_HASH]
                                                     [SC_ROLLUP_INBOX_HASH]
    
                               }


./octez-sc-rollup-client-alpha get state value for vars/value --block head
"\000\000\128\000"
